Simulator report for Pill_Bottling_System
Mon Apr 28 10:02:02 2025
Quartus II Version 9.1 Build 222 10/21/2009 SJ Full Version


---------------------
; Table of Contents ;
---------------------
  1. Legal Notice
  2. Simulator Summary
  3. Simulator Settings
  4. Simulation Waveforms
  5. Coverage Summary
  6. Complete 1/0-Value Coverage
  7. Missing 1-Value Coverage
  8. Missing 0-Value Coverage
  9. Simulator INI Usage
 10. Simulator Messages



----------------
; Legal Notice ;
----------------
Copyright (C) 1991-2009 Altera Corporation
Your use of Altera Corporation's design tools, logic functions 
and other software and tools, and its AMPP partner logic 
functions, and any output files from any of the foregoing 
(including device programming or simulation files), and any 
associated documentation or information are expressly subject 
to the terms and conditions of the Altera Program License 
Subscription Agreement, Altera MegaCore Function License 
Agreement, or other applicable license agreement, including, 
without limitation, that your use is for the sole purpose of 
programming logic devices manufactured by Altera and sold by 
Altera or its authorized distributors.  Please refer to the 
applicable agreement for further details.



+-----------------------------------------------+
; Simulator Summary                             ;
+-----------------------------+-----------------+
; Type                        ; Value           ;
+-----------------------------+-----------------+
; Simulation Start Time       ; 0 ps            ;
; Simulation End Time         ; 10.0 ms         ;
; Simulation Netlist Size     ; 154 nodes       ;
; Simulation Coverage         ;      55.56 %    ;
; Total Number of Transitions ; 2220            ;
; Simulation Breakpoints      ; 0               ;
; Family                      ; MAX7000S        ;
; Device                      ; EPM7128SLC84-15 ;
+-----------------------------+-----------------+


+-------------------------------------------------------------------------------------------------------------------------+
; Simulator Settings                                                                                                      ;
+--------------------------------------------------------------------------------------------+------------+---------------+
; Option                                                                                     ; Setting    ; Default Value ;
+--------------------------------------------------------------------------------------------+------------+---------------+
; Simulation mode                                                                            ; Timing     ; Timing        ;
; Start time                                                                                 ; 0 ns       ; 0 ns          ;
; Simulation results format                                                                  ; CVWF       ;               ;
; Add pins automatically to simulation output waveforms                                      ; On         ; On            ;
; Check outputs                                                                              ; Off        ; Off           ;
; Report simulation coverage                                                                 ; On         ; On            ;
; Display complete 1/0 value coverage report                                                 ; On         ; On            ;
; Display missing 1-value coverage report                                                    ; On         ; On            ;
; Display missing 0-value coverage report                                                    ; On         ; On            ;
; Detect setup and hold time violations                                                      ; Off        ; Off           ;
; Detect glitches                                                                            ; Off        ; Off           ;
; Disable timing delays in Timing Simulation                                                 ; Off        ; Off           ;
; Generate Signal Activity File                                                              ; Off        ; Off           ;
; Generate VCD File for PowerPlay Power Analyzer                                             ; Off        ; Off           ;
; Group bus channels in simulation results                                                   ; Off        ; Off           ;
; Preserve fewer signal transitions to reduce memory requirements                            ; On         ; On            ;
; Trigger vector comparison with the specified mode                                          ; INPUT_EDGE ; INPUT_EDGE    ;
; Disable setup and hold time violations detection in input registers of bi-directional pins ; Off        ; Off           ;
; Overwrite Waveform Inputs With Simulation Outputs                                          ; Off        ;               ;
; Perform Glitch Filtering in Timing Simulation                                              ; Auto       ; Auto          ;
+--------------------------------------------------------------------------------------------+------------+---------------+


+----------------------+
; Simulation Waveforms ;
+----------------------+
Waveform report data cannot be output to ASCII.
Please use Quartus II to view the waveform report data.


+--------------------------------------------------------------------+
; Coverage Summary                                                   ;
+-----------------------------------------------------+--------------+
; Type                                                ; Value        ;
+-----------------------------------------------------+--------------+
; Total coverage as a percentage                      ;      55.56 % ;
; Total nodes checked                                 ; 154          ;
; Total output ports checked                          ; 153          ;
; Total output ports with complete 1/0-value coverage ; 85           ;
; Total output ports with no 1/0-value coverage       ; 45           ;
; Total output ports with no 1-value coverage         ; 55           ;
; Total output ports with no 0-value coverage         ; 58           ;
+-----------------------------------------------------+--------------+


The following table displays output ports that toggle between 1 and 0 during simulation.
+----------------------------------------------------------------------------------------------------------------------------------------------------------------------------------------------------------------------------------------------------------+
; Complete 1/0-Value Coverage                                                                                                                                                                                                                              ;
+-------------------------------------------------------------------------------------------------------------------+-------------------------------------------------------------------------------------------------------------------+------------------+
; Node Name                                                                                                         ; Output Port Name                                                                                                  ; Output Port Type ;
+-------------------------------------------------------------------------------------------------------------------+-------------------------------------------------------------------------------------------------------------------+------------------+
; |Pill_Bottling_System|State_Display_Module:state_display_module|out_7_LED[0]~17                                   ; |Pill_Bottling_System|State_Display_Module:state_display_module|out_7_LED[0]~17                                   ; dataout          ;
; |Pill_Bottling_System|State_Display_Module:state_display_module|out_7_LED[0]~22                                   ; |Pill_Bottling_System|State_Display_Module:state_display_module|out_7_LED[0]~22                                   ; dataout          ;
; |Pill_Bottling_System|State_Display_Module:state_display_module|out_7_LED[1]~24                                   ; |Pill_Bottling_System|State_Display_Module:state_display_module|out_7_LED[1]~24                                   ; dataout          ;
; |Pill_Bottling_System|State_Display_Module:state_display_module|out_7_LED[1]~29                                   ; |Pill_Bottling_System|State_Display_Module:state_display_module|out_7_LED[1]~29                                   ; dataout          ;
; |Pill_Bottling_System|State_Display_Module:state_display_module|out_7_LED[2]~36                                   ; |Pill_Bottling_System|State_Display_Module:state_display_module|out_7_LED[2]~36                                   ; dataout          ;
; |Pill_Bottling_System|State_Display_Module:state_display_module|out_7_LED[3]~42                                   ; |Pill_Bottling_System|State_Display_Module:state_display_module|out_7_LED[3]~42                                   ; dataout          ;
; |Pill_Bottling_System|State_Display_Module:state_display_module|out_7_LED[4]~48                                   ; |Pill_Bottling_System|State_Display_Module:state_display_module|out_7_LED[4]~48                                   ; dataout          ;
; |Pill_Bottling_System|State_Display_Module:state_display_module|out_7_LED[5]~54                                   ; |Pill_Bottling_System|State_Display_Module:state_display_module|out_7_LED[5]~54                                   ; dataout          ;
; |Pill_Bottling_System|Display_Module:display_module|Mux3~26                                                       ; |Pill_Bottling_System|Display_Module:display_module|Mux3~26                                                       ; dataout          ;
; |Pill_Bottling_System|Display_Module:display_module|Mux2~9                                                        ; |Pill_Bottling_System|Display_Module:display_module|Mux2~9                                                        ; dataout          ;
; |Pill_Bottling_System|Display_Module:display_module|Mux2~12                                                       ; |Pill_Bottling_System|Display_Module:display_module|Mux2~12                                                       ; dataout          ;
; |Pill_Bottling_System|Display_Module:display_module|Mux1~9                                                        ; |Pill_Bottling_System|Display_Module:display_module|Mux1~9                                                        ; dataout          ;
; |Pill_Bottling_System|Display_Module:display_module|Mux0~2                                                        ; |Pill_Bottling_System|Display_Module:display_module|Mux0~2                                                        ; dataout          ;
; |Pill_Bottling_System|Display_Module:display_module|Mux7~7                                                        ; |Pill_Bottling_System|Display_Module:display_module|Mux7~7                                                        ; dataout          ;
; |Pill_Bottling_System|Display_Module:display_module|Mux6~12                                                       ; |Pill_Bottling_System|Display_Module:display_module|Mux6~12                                                       ; dataout          ;
; |Pill_Bottling_System|Display_Module:display_module|Mux5~10                                                       ; |Pill_Bottling_System|Display_Module:display_module|Mux5~10                                                       ; dataout          ;
; |Pill_Bottling_System|Display_Module:display_module|Mux4~16                                                       ; |Pill_Bottling_System|Display_Module:display_module|Mux4~16                                                       ; dataout          ;
; |Pill_Bottling_System|Display_Module:display_module|Mux11~14                                                      ; |Pill_Bottling_System|Display_Module:display_module|Mux11~14                                                      ; dataout          ;
; |Pill_Bottling_System|Display_Module:display_module|Mux11~26                                                      ; |Pill_Bottling_System|Display_Module:display_module|Mux11~26                                                      ; dataout          ;
; |Pill_Bottling_System|Display_Module:display_module|Mux10~9                                                       ; |Pill_Bottling_System|Display_Module:display_module|Mux10~9                                                       ; dataout          ;
; |Pill_Bottling_System|Display_Module:display_module|Mux10~12                                                      ; |Pill_Bottling_System|Display_Module:display_module|Mux10~12                                                      ; dataout          ;
; |Pill_Bottling_System|Display_Module:display_module|Mux9~9                                                        ; |Pill_Bottling_System|Display_Module:display_module|Mux9~9                                                        ; dataout          ;
; |Pill_Bottling_System|Display_Module:display_module|Mux8~2                                                        ; |Pill_Bottling_System|Display_Module:display_module|Mux8~2                                                        ; dataout          ;
; |Pill_Bottling_System|Display_Module:display_module|Mux15~7                                                       ; |Pill_Bottling_System|Display_Module:display_module|Mux15~7                                                       ; dataout          ;
; |Pill_Bottling_System|Display_Module:display_module|Mux14~12                                                      ; |Pill_Bottling_System|Display_Module:display_module|Mux14~12                                                      ; dataout          ;
; |Pill_Bottling_System|Display_Module:display_module|Mux13~10                                                      ; |Pill_Bottling_System|Display_Module:display_module|Mux13~10                                                      ; dataout          ;
; |Pill_Bottling_System|Display_Module:display_module|Mux12~16                                                      ; |Pill_Bottling_System|Display_Module:display_module|Mux12~16                                                      ; dataout          ;
; |Pill_Bottling_System|warning_enable~7                                                                            ; |Pill_Bottling_System|warning_enable~7                                                                            ; dataout          ;
; |Pill_Bottling_System|warning_enable~11                                                                           ; |Pill_Bottling_System|warning_enable~11                                                                           ; dataout          ;
; |Pill_Bottling_System|warning_enable~15                                                                           ; |Pill_Bottling_System|warning_enable~15                                                                           ; dataout          ;
; |Pill_Bottling_System|warning_outclk~3                                                                            ; |Pill_Bottling_System|warning_outclk~3                                                                            ; dataout          ;
; |Pill_Bottling_System|Counter_Module:counter_module|Equal0~16                                                     ; |Pill_Bottling_System|Counter_Module:counter_module|Equal0~16                                                     ; dataout          ;
; |Pill_Bottling_System|Counter_Module:counter_module|Equal1~25                                                     ; |Pill_Bottling_System|Counter_Module:counter_module|Equal1~25                                                     ; dataout          ;
; |Pill_Bottling_System|Counter_Module:counter_module|out_next_bottle                                               ; |Pill_Bottling_System|Counter_Module:counter_module|out_next_bottle                                               ; dataout          ;
; |Pill_Bottling_System|warning_countdown[0]                                                                        ; |Pill_Bottling_System|warning_countdown[0]                                                                        ; dataout          ;
; |Pill_Bottling_System|warning_countdown[1]                                                                        ; |Pill_Bottling_System|warning_countdown[1]                                                                        ; dataout          ;
; |Pill_Bottling_System|current_display_state[1]                                                                    ; |Pill_Bottling_System|current_display_state[1]                                                                    ; dataout          ;
; |Pill_Bottling_System|current_display_state[0]                                                                    ; |Pill_Bottling_System|current_display_state[0]                                                                    ; dataout          ;
; |Pill_Bottling_System|Counter_Module:counter_module|out_bottle_num[0]                                             ; |Pill_Bottling_System|Counter_Module:counter_module|out_bottle_num[0]                                             ; dataout          ;
; |Pill_Bottling_System|Modify_Setting_Module:modify_setting_module|lpm_counter:out_target_bottle_num_rtl_0|dffs[0] ; |Pill_Bottling_System|Modify_Setting_Module:modify_setting_module|lpm_counter:out_target_bottle_num_rtl_0|dffs[0] ; dataout          ;
; |Pill_Bottling_System|Counter_Module:counter_module|Selector6~6                                                   ; |Pill_Bottling_System|Counter_Module:counter_module|Selector6~6                                                   ; dataout          ;
; |Pill_Bottling_System|Counter_Module:counter_module|Selector6~7                                                   ; |Pill_Bottling_System|Counter_Module:counter_module|Selector6~7                                                   ; dataout          ;
; |Pill_Bottling_System|Counter_Module:counter_module|out_pill_num[1]                                               ; |Pill_Bottling_System|Counter_Module:counter_module|out_pill_num[1]                                               ; dataout          ;
; |Pill_Bottling_System|Counter_Module:counter_module|out_pill_num[0]                                               ; |Pill_Bottling_System|Counter_Module:counter_module|out_pill_num[0]                                               ; dataout          ;
; |Pill_Bottling_System|Modify_Setting_Module:modify_setting_module|lpm_counter:out_target_pill_num_rtl_1|dffs[0]   ; |Pill_Bottling_System|Modify_Setting_Module:modify_setting_module|lpm_counter:out_target_pill_num_rtl_1|dffs[0]   ; dataout          ;
; |Pill_Bottling_System|Display_Module:display_module|Mux5~17                                                       ; |Pill_Bottling_System|Display_Module:display_module|Mux5~17                                                       ; pexpout          ;
; |Pill_Bottling_System|Display_Module:display_module|Mux13~17                                                      ; |Pill_Bottling_System|Display_Module:display_module|Mux13~17                                                      ; pexpout          ;
; |Pill_Bottling_System|Counter_Module:counter_module|Equal0~20                                                     ; |Pill_Bottling_System|Counter_Module:counter_module|Equal0~20                                                     ; pexpout          ;
; |Pill_Bottling_System|Counter_Module:counter_module|Equal1~30                                                     ; |Pill_Bottling_System|Counter_Module:counter_module|Equal1~30                                                     ; pexpout          ;
; |Pill_Bottling_System|Counter_Module:counter_module|Equal1~35                                                     ; |Pill_Bottling_System|Counter_Module:counter_module|Equal1~35                                                     ; pexpout          ;
; |Pill_Bottling_System|~VCC~0                                                                                      ; |Pill_Bottling_System|Display_Module:display_module|Mux14~13                                                      ; pexpout          ;
; |Pill_Bottling_System|suspend                                                                                     ; |Pill_Bottling_System|suspend~corein                                                                              ; dataout          ;
; |Pill_Bottling_System|display_setting                                                                             ; |Pill_Bottling_System|display_setting~corein                                                                      ; dataout          ;
; |Pill_Bottling_System|clk                                                                                         ; |Pill_Bottling_System|clk~corein                                                                                  ; dataout          ;
; |Pill_Bottling_System|warning_inclk                                                                               ; |Pill_Bottling_System|warning_inclk~corein                                                                        ; dataout          ;
; |Pill_Bottling_System|QD                                                                                          ; |Pill_Bottling_System|QD~corein                                                                                   ; dataout          ;
; |Pill_Bottling_System|reset_state                                                                                 ; |Pill_Bottling_System|reset_state~corein                                                                          ; dataout          ;
; |Pill_Bottling_System|PULSE                                                                                       ; |Pill_Bottling_System|PULSE~corein                                                                                ; dataout          ;
; |Pill_Bottling_System|state_LED[0]                                                                                ; |Pill_Bottling_System|state_LED[0]                                                                                ; padio            ;
; |Pill_Bottling_System|state_LED[1]                                                                                ; |Pill_Bottling_System|state_LED[1]                                                                                ; padio            ;
; |Pill_Bottling_System|state_LED[2]                                                                                ; |Pill_Bottling_System|state_LED[2]                                                                                ; padio            ;
; |Pill_Bottling_System|state_LED[3]                                                                                ; |Pill_Bottling_System|state_LED[3]                                                                                ; padio            ;
; |Pill_Bottling_System|state_LED[4]                                                                                ; |Pill_Bottling_System|state_LED[4]                                                                                ; padio            ;
; |Pill_Bottling_System|state_LED[5]                                                                                ; |Pill_Bottling_System|state_LED[5]                                                                                ; padio            ;
; |Pill_Bottling_System|bottle_LED_1[0]                                                                             ; |Pill_Bottling_System|bottle_LED_1[0]                                                                             ; padio            ;
; |Pill_Bottling_System|bottle_LED_1[1]                                                                             ; |Pill_Bottling_System|bottle_LED_1[1]                                                                             ; padio            ;
; |Pill_Bottling_System|bottle_LED_1[2]                                                                             ; |Pill_Bottling_System|bottle_LED_1[2]                                                                             ; padio            ;
; |Pill_Bottling_System|bottle_LED_1[3]                                                                             ; |Pill_Bottling_System|bottle_LED_1[3]                                                                             ; padio            ;
; |Pill_Bottling_System|bottle_LED_0[0]                                                                             ; |Pill_Bottling_System|bottle_LED_0[0]                                                                             ; padio            ;
; |Pill_Bottling_System|bottle_LED_0[1]                                                                             ; |Pill_Bottling_System|bottle_LED_0[1]                                                                             ; padio            ;
; |Pill_Bottling_System|bottle_LED_0[2]                                                                             ; |Pill_Bottling_System|bottle_LED_0[2]                                                                             ; padio            ;
; |Pill_Bottling_System|bottle_LED_0[3]                                                                             ; |Pill_Bottling_System|bottle_LED_0[3]                                                                             ; padio            ;
; |Pill_Bottling_System|pill_LED_1[0]                                                                               ; |Pill_Bottling_System|pill_LED_1[0]                                                                               ; padio            ;
; |Pill_Bottling_System|pill_LED_1[1]                                                                               ; |Pill_Bottling_System|pill_LED_1[1]                                                                               ; padio            ;
; |Pill_Bottling_System|pill_LED_1[2]                                                                               ; |Pill_Bottling_System|pill_LED_1[2]                                                                               ; padio            ;
; |Pill_Bottling_System|pill_LED_1[3]                                                                               ; |Pill_Bottling_System|pill_LED_1[3]                                                                               ; padio            ;
; |Pill_Bottling_System|pill_LED_0[0]                                                                               ; |Pill_Bottling_System|pill_LED_0[0]                                                                               ; padio            ;
; |Pill_Bottling_System|pill_LED_0[1]                                                                               ; |Pill_Bottling_System|pill_LED_0[1]                                                                               ; padio            ;
; |Pill_Bottling_System|pill_LED_0[2]                                                                               ; |Pill_Bottling_System|pill_LED_0[2]                                                                               ; padio            ;
; |Pill_Bottling_System|pill_LED_0[3]                                                                               ; |Pill_Bottling_System|pill_LED_0[3]                                                                               ; padio            ;
; |Pill_Bottling_System|error_display[1]                                                                            ; |Pill_Bottling_System|error_display[1]                                                                            ; padio            ;
; |Pill_Bottling_System|error_display[2]                                                                            ; |Pill_Bottling_System|error_display[2]                                                                            ; padio            ;
; |Pill_Bottling_System|error_display[3]                                                                            ; |Pill_Bottling_System|error_display[3]                                                                            ; padio            ;
; |Pill_Bottling_System|warning_outclk                                                                              ; |Pill_Bottling_System|warning_outclk                                                                              ; padio            ;
; |Pill_Bottling_System|Display_Module:display_module|Mux13~22                                                      ; |Pill_Bottling_System|Display_Module:display_module|Mux13~22                                                      ; dataout          ;
+-------------------------------------------------------------------------------------------------------------------+-------------------------------------------------------------------------------------------------------------------+------------------+


The following table displays output ports that do not toggle to 1 during simulation.
+------------------------------------------------------------------------------------------------------------------------------------------------------------------------------------------------------------------------------------------------------------------------------------------------------------------------------------------------------------------------------------------------------------------+
; Missing 1-Value Coverage                                                                                                                                                                                                                                                                                                                                                                                         ;
+-----------------------------------------------------------------------------------------------------------------------------------------------------------------------------------------------+-----------------------------------------------------------------------------------------------------------------------------------------------------------------------------------------------+------------------+
; Node Name                                                                                                                                                                                     ; Output Port Name                                                                                                                                                                              ; Output Port Type ;
+-----------------------------------------------------------------------------------------------------------------------------------------------------------------------------------------------+-----------------------------------------------------------------------------------------------------------------------------------------------------------------------------------------------+------------------+
; |Pill_Bottling_System|State_Display_Module:state_display_module|out_7_LED[0]~16                                                                                                               ; |Pill_Bottling_System|State_Display_Module:state_display_module|out_7_LED[0]~16                                                                                                               ; dataout          ;
; |Pill_Bottling_System|State_Display_Module:state_display_module|out_7_LED[3]~37                                                                                                               ; |Pill_Bottling_System|State_Display_Module:state_display_module|out_7_LED[3]~37                                                                                                               ; dataout          ;
; |Pill_Bottling_System|State_Display_Module:state_display_module|out_7_LED[6]~55                                                                                                               ; |Pill_Bottling_System|State_Display_Module:state_display_module|out_7_LED[6]~55                                                                                                               ; dataout          ;
; |Pill_Bottling_System|State_Display_Module:state_display_module|out_7_LED[6]~60                                                                                                               ; |Pill_Bottling_System|State_Display_Module:state_display_module|out_7_LED[6]~60                                                                                                               ; dataout          ;
; |Pill_Bottling_System|Display_Module:display_module|lpm_divide:Div2|lpm_divide_s1m:auto_generated|sign_div_unsign_5kh:divider|alt_u_div_hke:divider|StageOut[22]~12                           ; |Pill_Bottling_System|Display_Module:display_module|lpm_divide:Div2|lpm_divide_s1m:auto_generated|sign_div_unsign_5kh:divider|alt_u_div_hke:divider|StageOut[22]~12                           ; dataout          ;
; |Pill_Bottling_System|Display_Module:display_module|Mux3~7                                                                                                                                    ; |Pill_Bottling_System|Display_Module:display_module|Mux3~7                                                                                                                                    ; dataout          ;
; |Pill_Bottling_System|Display_Module:display_module|lpm_divide:Mod2|lpm_divide_vpl:auto_generated|sign_div_unsign_5kh:divider|alt_u_div_hke:divider|add_sub_q9c:add_sub_5|add_sub_cella[4]~9  ; |Pill_Bottling_System|Display_Module:display_module|lpm_divide:Mod2|lpm_divide_vpl:auto_generated|sign_div_unsign_5kh:divider|alt_u_div_hke:divider|add_sub_q9c:add_sub_5|add_sub_cella[4]~9  ; dataout          ;
; |Pill_Bottling_System|Display_Module:display_module|lpm_divide:Div0|lpm_divide_s1m:auto_generated|sign_div_unsign_5kh:divider|alt_u_div_hke:divider|StageOut[22]~12                           ; |Pill_Bottling_System|Display_Module:display_module|lpm_divide:Div0|lpm_divide_s1m:auto_generated|sign_div_unsign_5kh:divider|alt_u_div_hke:divider|StageOut[22]~12                           ; dataout          ;
; |Pill_Bottling_System|Display_Module:display_module|Mux3~14                                                                                                                                   ; |Pill_Bottling_System|Display_Module:display_module|Mux3~14                                                                                                                                   ; dataout          ;
; |Pill_Bottling_System|Display_Module:display_module|lpm_divide:Mod0|lpm_divide_vpl:auto_generated|sign_div_unsign_5kh:divider|alt_u_div_hke:divider|add_sub_q9c:add_sub_5|add_sub_cella[4]~7  ; |Pill_Bottling_System|Display_Module:display_module|lpm_divide:Mod0|lpm_divide_vpl:auto_generated|sign_div_unsign_5kh:divider|alt_u_div_hke:divider|add_sub_q9c:add_sub_5|add_sub_cella[4]~7  ; dataout          ;
; |Pill_Bottling_System|Display_Module:display_module|lpm_divide:Div0|lpm_divide_s1m:auto_generated|sign_div_unsign_5kh:divider|alt_u_div_hke:divider|add_sub_q9c:add_sub_4|add_sub_cella[4]~8  ; |Pill_Bottling_System|Display_Module:display_module|lpm_divide:Div0|lpm_divide_s1m:auto_generated|sign_div_unsign_5kh:divider|alt_u_div_hke:divider|add_sub_q9c:add_sub_4|add_sub_cella[4]~8  ; dataout          ;
; |Pill_Bottling_System|Display_Module:display_module|lpm_divide:Mod2|lpm_divide_vpl:auto_generated|sign_div_unsign_5kh:divider|alt_u_div_hke:divider|add_sub_q9c:add_sub_5|add_sub_cella[2]~10 ; |Pill_Bottling_System|Display_Module:display_module|lpm_divide:Mod2|lpm_divide_vpl:auto_generated|sign_div_unsign_5kh:divider|alt_u_div_hke:divider|add_sub_q9c:add_sub_5|add_sub_cella[2]~10 ; dataout          ;
; |Pill_Bottling_System|Display_Module:display_module|lpm_divide:Mod2|lpm_divide_vpl:auto_generated|sign_div_unsign_5kh:divider|alt_u_div_hke:divider|add_sub_q9c:add_sub_5|add_sub_cella[4]~20 ; |Pill_Bottling_System|Display_Module:display_module|lpm_divide:Mod2|lpm_divide_vpl:auto_generated|sign_div_unsign_5kh:divider|alt_u_div_hke:divider|add_sub_q9c:add_sub_5|add_sub_cella[4]~20 ; dataout          ;
; |Pill_Bottling_System|Display_Module:display_module|lpm_divide:Mod2|lpm_divide_vpl:auto_generated|sign_div_unsign_5kh:divider|alt_u_div_hke:divider|StageOut[21]~1                            ; |Pill_Bottling_System|Display_Module:display_module|lpm_divide:Mod2|lpm_divide_vpl:auto_generated|sign_div_unsign_5kh:divider|alt_u_div_hke:divider|StageOut[21]~1                            ; dataout          ;
; |Pill_Bottling_System|Display_Module:display_module|Mux4~10                                                                                                                                   ; |Pill_Bottling_System|Display_Module:display_module|Mux4~10                                                                                                                                   ; dataout          ;
; |Pill_Bottling_System|Display_Module:display_module|lpm_divide:Div3|lpm_divide_s1m:auto_generated|sign_div_unsign_5kh:divider|alt_u_div_hke:divider|StageOut[22]~12                           ; |Pill_Bottling_System|Display_Module:display_module|lpm_divide:Div3|lpm_divide_s1m:auto_generated|sign_div_unsign_5kh:divider|alt_u_div_hke:divider|StageOut[22]~12                           ; dataout          ;
; |Pill_Bottling_System|Display_Module:display_module|Mux11~7                                                                                                                                   ; |Pill_Bottling_System|Display_Module:display_module|Mux11~7                                                                                                                                   ; dataout          ;
; |Pill_Bottling_System|Display_Module:display_module|lpm_divide:Mod3|lpm_divide_vpl:auto_generated|sign_div_unsign_5kh:divider|alt_u_div_hke:divider|add_sub_q9c:add_sub_5|add_sub_cella[4]~9  ; |Pill_Bottling_System|Display_Module:display_module|lpm_divide:Mod3|lpm_divide_vpl:auto_generated|sign_div_unsign_5kh:divider|alt_u_div_hke:divider|add_sub_q9c:add_sub_5|add_sub_cella[4]~9  ; dataout          ;
; |Pill_Bottling_System|Display_Module:display_module|lpm_divide:Div1|lpm_divide_s1m:auto_generated|sign_div_unsign_5kh:divider|alt_u_div_hke:divider|StageOut[22]~12                           ; |Pill_Bottling_System|Display_Module:display_module|lpm_divide:Div1|lpm_divide_s1m:auto_generated|sign_div_unsign_5kh:divider|alt_u_div_hke:divider|StageOut[22]~12                           ; dataout          ;
; |Pill_Bottling_System|Display_Module:display_module|lpm_divide:Mod1|lpm_divide_vpl:auto_generated|sign_div_unsign_5kh:divider|alt_u_div_hke:divider|add_sub_q9c:add_sub_5|add_sub_cella[4]~7  ; |Pill_Bottling_System|Display_Module:display_module|lpm_divide:Mod1|lpm_divide_vpl:auto_generated|sign_div_unsign_5kh:divider|alt_u_div_hke:divider|add_sub_q9c:add_sub_5|add_sub_cella[4]~7  ; dataout          ;
; |Pill_Bottling_System|Display_Module:display_module|lpm_divide:Div1|lpm_divide_s1m:auto_generated|sign_div_unsign_5kh:divider|alt_u_div_hke:divider|add_sub_q9c:add_sub_4|add_sub_cella[4]~8  ; |Pill_Bottling_System|Display_Module:display_module|lpm_divide:Div1|lpm_divide_s1m:auto_generated|sign_div_unsign_5kh:divider|alt_u_div_hke:divider|add_sub_q9c:add_sub_4|add_sub_cella[4]~8  ; dataout          ;
; |Pill_Bottling_System|Display_Module:display_module|lpm_divide:Mod3|lpm_divide_vpl:auto_generated|sign_div_unsign_5kh:divider|alt_u_div_hke:divider|add_sub_q9c:add_sub_5|add_sub_cella[2]~10 ; |Pill_Bottling_System|Display_Module:display_module|lpm_divide:Mod3|lpm_divide_vpl:auto_generated|sign_div_unsign_5kh:divider|alt_u_div_hke:divider|add_sub_q9c:add_sub_5|add_sub_cella[2]~10 ; dataout          ;
; |Pill_Bottling_System|Display_Module:display_module|lpm_divide:Mod3|lpm_divide_vpl:auto_generated|sign_div_unsign_5kh:divider|alt_u_div_hke:divider|add_sub_q9c:add_sub_5|add_sub_cella[4]~20 ; |Pill_Bottling_System|Display_Module:display_module|lpm_divide:Mod3|lpm_divide_vpl:auto_generated|sign_div_unsign_5kh:divider|alt_u_div_hke:divider|add_sub_q9c:add_sub_5|add_sub_cella[4]~20 ; dataout          ;
; |Pill_Bottling_System|Display_Module:display_module|lpm_divide:Mod3|lpm_divide_vpl:auto_generated|sign_div_unsign_5kh:divider|alt_u_div_hke:divider|StageOut[21]~1                            ; |Pill_Bottling_System|Display_Module:display_module|lpm_divide:Mod3|lpm_divide_vpl:auto_generated|sign_div_unsign_5kh:divider|alt_u_div_hke:divider|StageOut[21]~1                            ; dataout          ;
; |Pill_Bottling_System|Display_Module:display_module|Mux12~10                                                                                                                                  ; |Pill_Bottling_System|Display_Module:display_module|Mux12~10                                                                                                                                  ; dataout          ;
; |Pill_Bottling_System|current_state[1]                                                                                                                                                        ; |Pill_Bottling_System|current_state[1]                                                                                                                                                        ; dataout          ;
; |Pill_Bottling_System|Counter_Module:counter_module|Equal1~18                                                                                                                                 ; |Pill_Bottling_System|Counter_Module:counter_module|Equal1~18                                                                                                                                 ; dataout          ;
; |Pill_Bottling_System|Counter_Module:counter_module|Equal1~19                                                                                                                                 ; |Pill_Bottling_System|Counter_Module:counter_module|Equal1~19                                                                                                                                 ; dataout          ;
; |Pill_Bottling_System|Modify_Setting_Module:modify_setting_module|lpm_counter:out_target_bottle_num_rtl_0|dffs[5]                                                                             ; |Pill_Bottling_System|Modify_Setting_Module:modify_setting_module|lpm_counter:out_target_bottle_num_rtl_0|dffs[5]                                                                             ; dataout          ;
; |Pill_Bottling_System|Modify_Setting_Module:modify_setting_module|lpm_counter:out_target_bottle_num_rtl_0|dffs[4]                                                                             ; |Pill_Bottling_System|Modify_Setting_Module:modify_setting_module|lpm_counter:out_target_bottle_num_rtl_0|dffs[4]                                                                             ; dataout          ;
; |Pill_Bottling_System|Modify_Setting_Module:modify_setting_module|lpm_counter:out_target_bottle_num_rtl_0|dffs[3]                                                                             ; |Pill_Bottling_System|Modify_Setting_Module:modify_setting_module|lpm_counter:out_target_bottle_num_rtl_0|dffs[3]                                                                             ; dataout          ;
; |Pill_Bottling_System|Modify_Setting_Module:modify_setting_module|lpm_counter:out_target_bottle_num_rtl_0|dffs[2]                                                                             ; |Pill_Bottling_System|Modify_Setting_Module:modify_setting_module|lpm_counter:out_target_bottle_num_rtl_0|dffs[2]                                                                             ; dataout          ;
; |Pill_Bottling_System|Counter_Module:counter_module|out_bottle_num[5]                                                                                                                         ; |Pill_Bottling_System|Counter_Module:counter_module|out_bottle_num[5]                                                                                                                         ; dataout          ;
; |Pill_Bottling_System|Counter_Module:counter_module|out_bottle_num[3]                                                                                                                         ; |Pill_Bottling_System|Counter_Module:counter_module|out_bottle_num[3]                                                                                                                         ; dataout          ;
; |Pill_Bottling_System|Counter_Module:counter_module|out_bottle_num[4]                                                                                                                         ; |Pill_Bottling_System|Counter_Module:counter_module|out_bottle_num[4]                                                                                                                         ; dataout          ;
; |Pill_Bottling_System|Counter_Module:counter_module|out_bottle_num[2]                                                                                                                         ; |Pill_Bottling_System|Counter_Module:counter_module|out_bottle_num[2]                                                                                                                         ; dataout          ;
; |Pill_Bottling_System|Modify_Setting_Module:modify_setting_module|lpm_counter:out_target_pill_num_rtl_1|dffs[5]                                                                               ; |Pill_Bottling_System|Modify_Setting_Module:modify_setting_module|lpm_counter:out_target_pill_num_rtl_1|dffs[5]                                                                               ; dataout          ;
; |Pill_Bottling_System|Modify_Setting_Module:modify_setting_module|lpm_counter:out_target_pill_num_rtl_1|dffs[4]                                                                               ; |Pill_Bottling_System|Modify_Setting_Module:modify_setting_module|lpm_counter:out_target_pill_num_rtl_1|dffs[4]                                                                               ; dataout          ;
; |Pill_Bottling_System|Modify_Setting_Module:modify_setting_module|lpm_counter:out_target_pill_num_rtl_1|dffs[3]                                                                               ; |Pill_Bottling_System|Modify_Setting_Module:modify_setting_module|lpm_counter:out_target_pill_num_rtl_1|dffs[3]                                                                               ; dataout          ;
; |Pill_Bottling_System|Modify_Setting_Module:modify_setting_module|lpm_counter:out_target_pill_num_rtl_1|dffs[2]                                                                               ; |Pill_Bottling_System|Modify_Setting_Module:modify_setting_module|lpm_counter:out_target_pill_num_rtl_1|dffs[2]                                                                               ; dataout          ;
; |Pill_Bottling_System|Counter_Module:counter_module|Selector6~5                                                                                                                               ; |Pill_Bottling_System|Counter_Module:counter_module|Selector6~5                                                                                                                               ; dataout          ;
; |Pill_Bottling_System|Counter_Module:counter_module|out_pill_num[5]                                                                                                                           ; |Pill_Bottling_System|Counter_Module:counter_module|out_pill_num[5]                                                                                                                           ; dataout          ;
; |Pill_Bottling_System|Counter_Module:counter_module|Selector8~4                                                                                                                               ; |Pill_Bottling_System|Counter_Module:counter_module|Selector8~4                                                                                                                               ; dataout          ;
; |Pill_Bottling_System|Counter_Module:counter_module|out_pill_num[3]                                                                                                                           ; |Pill_Bottling_System|Counter_Module:counter_module|out_pill_num[3]                                                                                                                           ; dataout          ;
; |Pill_Bottling_System|Counter_Module:counter_module|Selector7~6                                                                                                                               ; |Pill_Bottling_System|Counter_Module:counter_module|Selector7~6                                                                                                                               ; dataout          ;
; |Pill_Bottling_System|Counter_Module:counter_module|out_pill_num[4]                                                                                                                           ; |Pill_Bottling_System|Counter_Module:counter_module|out_pill_num[4]                                                                                                                           ; dataout          ;
; |Pill_Bottling_System|Counter_Module:counter_module|out_pill_num[2]                                                                                                                           ; |Pill_Bottling_System|Counter_Module:counter_module|out_pill_num[2]                                                                                                                           ; dataout          ;
; |Pill_Bottling_System|always4~1                                                                                                                                                               ; |Pill_Bottling_System|always4~1                                                                                                                                                               ; dataout          ;
; |Pill_Bottling_System|warning_flag[0]~6                                                                                                                                                       ; |Pill_Bottling_System|warning_flag[0]~6                                                                                                                                                       ; dataout          ;
; |Pill_Bottling_System|Counter_Module:counter_module|Equal0~17                                                                                                                                 ; |Pill_Bottling_System|Counter_Module:counter_module|Equal0~17                                                                                                                                 ; pexpout          ;
; |Pill_Bottling_System|Counter_Module:counter_module|Equal1~26                                                                                                                                 ; |Pill_Bottling_System|Counter_Module:counter_module|Equal1~26                                                                                                                                 ; pexpout          ;
; |Pill_Bottling_System|~VCC~0                                                                                                                                                                  ; |Pill_Bottling_System|~VCC~0                                                                                                                                                                  ; dataout          ;
; |Pill_Bottling_System|state_LED[6]                                                                                                                                                            ; |Pill_Bottling_System|state_LED[6]                                                                                                                                                            ; padio            ;
; |Pill_Bottling_System|error_display[0]                                                                                                                                                        ; |Pill_Bottling_System|error_display[0]                                                                                                                                                        ; padio            ;
; |Pill_Bottling_System|Counter_Module:counter_module|Equal1~41                                                                                                                                 ; |Pill_Bottling_System|Counter_Module:counter_module|Equal1~41                                                                                                                                 ; dataout          ;
+-----------------------------------------------------------------------------------------------------------------------------------------------------------------------------------------------+-----------------------------------------------------------------------------------------------------------------------------------------------------------------------------------------------+------------------+


The following table displays output ports that do not toggle to 0 during simulation.
+------------------------------------------------------------------------------------------------------------------------------------------------------------------------------------------------------------------------------------------------------------------------------------------------------------------------------------------------------------------------------------------------------------------+
; Missing 0-Value Coverage                                                                                                                                                                                                                                                                                                                                                                                         ;
+-----------------------------------------------------------------------------------------------------------------------------------------------------------------------------------------------+-----------------------------------------------------------------------------------------------------------------------------------------------------------------------------------------------+------------------+
; Node Name                                                                                                                                                                                     ; Output Port Name                                                                                                                                                                              ; Output Port Type ;
+-----------------------------------------------------------------------------------------------------------------------------------------------------------------------------------------------+-----------------------------------------------------------------------------------------------------------------------------------------------------------------------------------------------+------------------+
; |Pill_Bottling_System|Display_Module:display_module|lpm_divide:Div2|lpm_divide_s1m:auto_generated|sign_div_unsign_5kh:divider|alt_u_div_hke:divider|StageOut[22]~12                           ; |Pill_Bottling_System|Display_Module:display_module|lpm_divide:Div2|lpm_divide_s1m:auto_generated|sign_div_unsign_5kh:divider|alt_u_div_hke:divider|StageOut[22]~12                           ; dataout          ;
; |Pill_Bottling_System|Display_Module:display_module|lpm_divide:Mod2|lpm_divide_vpl:auto_generated|sign_div_unsign_5kh:divider|alt_u_div_hke:divider|add_sub_q9c:add_sub_5|add_sub_cella[4]~9  ; |Pill_Bottling_System|Display_Module:display_module|lpm_divide:Mod2|lpm_divide_vpl:auto_generated|sign_div_unsign_5kh:divider|alt_u_div_hke:divider|add_sub_q9c:add_sub_5|add_sub_cella[4]~9  ; dataout          ;
; |Pill_Bottling_System|Display_Module:display_module|lpm_divide:Div0|lpm_divide_s1m:auto_generated|sign_div_unsign_5kh:divider|alt_u_div_hke:divider|StageOut[22]~12                           ; |Pill_Bottling_System|Display_Module:display_module|lpm_divide:Div0|lpm_divide_s1m:auto_generated|sign_div_unsign_5kh:divider|alt_u_div_hke:divider|StageOut[22]~12                           ; dataout          ;
; |Pill_Bottling_System|Display_Module:display_module|lpm_divide:Mod0|lpm_divide_vpl:auto_generated|sign_div_unsign_5kh:divider|alt_u_div_hke:divider|add_sub_q9c:add_sub_5|add_sub_cella[4]~7  ; |Pill_Bottling_System|Display_Module:display_module|lpm_divide:Mod0|lpm_divide_vpl:auto_generated|sign_div_unsign_5kh:divider|alt_u_div_hke:divider|add_sub_q9c:add_sub_5|add_sub_cella[4]~7  ; dataout          ;
; |Pill_Bottling_System|Display_Module:display_module|lpm_divide:Div0|lpm_divide_s1m:auto_generated|sign_div_unsign_5kh:divider|alt_u_div_hke:divider|add_sub_q9c:add_sub_4|add_sub_cella[4]~8  ; |Pill_Bottling_System|Display_Module:display_module|lpm_divide:Div0|lpm_divide_s1m:auto_generated|sign_div_unsign_5kh:divider|alt_u_div_hke:divider|add_sub_q9c:add_sub_4|add_sub_cella[4]~8  ; dataout          ;
; |Pill_Bottling_System|Display_Module:display_module|lpm_divide:Mod2|lpm_divide_vpl:auto_generated|sign_div_unsign_5kh:divider|alt_u_div_hke:divider|add_sub_q9c:add_sub_5|add_sub_cella[2]~10 ; |Pill_Bottling_System|Display_Module:display_module|lpm_divide:Mod2|lpm_divide_vpl:auto_generated|sign_div_unsign_5kh:divider|alt_u_div_hke:divider|add_sub_q9c:add_sub_5|add_sub_cella[2]~10 ; dataout          ;
; |Pill_Bottling_System|Display_Module:display_module|lpm_divide:Mod2|lpm_divide_vpl:auto_generated|sign_div_unsign_5kh:divider|alt_u_div_hke:divider|add_sub_q9c:add_sub_5|add_sub_cella[2]~11 ; |Pill_Bottling_System|Display_Module:display_module|lpm_divide:Mod2|lpm_divide_vpl:auto_generated|sign_div_unsign_5kh:divider|alt_u_div_hke:divider|add_sub_q9c:add_sub_5|add_sub_cella[2]~11 ; dataout          ;
; |Pill_Bottling_System|Display_Module:display_module|lpm_divide:Mod2|lpm_divide_vpl:auto_generated|sign_div_unsign_5kh:divider|alt_u_div_hke:divider|add_sub_q9c:add_sub_5|add_sub_cella[4]~20 ; |Pill_Bottling_System|Display_Module:display_module|lpm_divide:Mod2|lpm_divide_vpl:auto_generated|sign_div_unsign_5kh:divider|alt_u_div_hke:divider|add_sub_q9c:add_sub_5|add_sub_cella[4]~20 ; dataout          ;
; |Pill_Bottling_System|Display_Module:display_module|lpm_divide:Mod2|lpm_divide_vpl:auto_generated|sign_div_unsign_5kh:divider|alt_u_div_hke:divider|StageOut[21]~1                            ; |Pill_Bottling_System|Display_Module:display_module|lpm_divide:Mod2|lpm_divide_vpl:auto_generated|sign_div_unsign_5kh:divider|alt_u_div_hke:divider|StageOut[21]~1                            ; dataout          ;
; |Pill_Bottling_System|Display_Module:display_module|Mux4~10                                                                                                                                   ; |Pill_Bottling_System|Display_Module:display_module|Mux4~10                                                                                                                                   ; dataout          ;
; |Pill_Bottling_System|Display_Module:display_module|lpm_divide:Div3|lpm_divide_s1m:auto_generated|sign_div_unsign_5kh:divider|alt_u_div_hke:divider|StageOut[22]~12                           ; |Pill_Bottling_System|Display_Module:display_module|lpm_divide:Div3|lpm_divide_s1m:auto_generated|sign_div_unsign_5kh:divider|alt_u_div_hke:divider|StageOut[22]~12                           ; dataout          ;
; |Pill_Bottling_System|Display_Module:display_module|lpm_divide:Mod3|lpm_divide_vpl:auto_generated|sign_div_unsign_5kh:divider|alt_u_div_hke:divider|add_sub_q9c:add_sub_5|add_sub_cella[4]~9  ; |Pill_Bottling_System|Display_Module:display_module|lpm_divide:Mod3|lpm_divide_vpl:auto_generated|sign_div_unsign_5kh:divider|alt_u_div_hke:divider|add_sub_q9c:add_sub_5|add_sub_cella[4]~9  ; dataout          ;
; |Pill_Bottling_System|Display_Module:display_module|lpm_divide:Div1|lpm_divide_s1m:auto_generated|sign_div_unsign_5kh:divider|alt_u_div_hke:divider|StageOut[22]~12                           ; |Pill_Bottling_System|Display_Module:display_module|lpm_divide:Div1|lpm_divide_s1m:auto_generated|sign_div_unsign_5kh:divider|alt_u_div_hke:divider|StageOut[22]~12                           ; dataout          ;
; |Pill_Bottling_System|Display_Module:display_module|lpm_divide:Mod1|lpm_divide_vpl:auto_generated|sign_div_unsign_5kh:divider|alt_u_div_hke:divider|add_sub_q9c:add_sub_5|add_sub_cella[4]~7  ; |Pill_Bottling_System|Display_Module:display_module|lpm_divide:Mod1|lpm_divide_vpl:auto_generated|sign_div_unsign_5kh:divider|alt_u_div_hke:divider|add_sub_q9c:add_sub_5|add_sub_cella[4]~7  ; dataout          ;
; |Pill_Bottling_System|Display_Module:display_module|lpm_divide:Div1|lpm_divide_s1m:auto_generated|sign_div_unsign_5kh:divider|alt_u_div_hke:divider|add_sub_q9c:add_sub_4|add_sub_cella[4]~8  ; |Pill_Bottling_System|Display_Module:display_module|lpm_divide:Div1|lpm_divide_s1m:auto_generated|sign_div_unsign_5kh:divider|alt_u_div_hke:divider|add_sub_q9c:add_sub_4|add_sub_cella[4]~8  ; dataout          ;
; |Pill_Bottling_System|Display_Module:display_module|lpm_divide:Mod3|lpm_divide_vpl:auto_generated|sign_div_unsign_5kh:divider|alt_u_div_hke:divider|add_sub_q9c:add_sub_5|add_sub_cella[2]~10 ; |Pill_Bottling_System|Display_Module:display_module|lpm_divide:Mod3|lpm_divide_vpl:auto_generated|sign_div_unsign_5kh:divider|alt_u_div_hke:divider|add_sub_q9c:add_sub_5|add_sub_cella[2]~10 ; dataout          ;
; |Pill_Bottling_System|Display_Module:display_module|lpm_divide:Mod3|lpm_divide_vpl:auto_generated|sign_div_unsign_5kh:divider|alt_u_div_hke:divider|add_sub_q9c:add_sub_5|add_sub_cella[2]~11 ; |Pill_Bottling_System|Display_Module:display_module|lpm_divide:Mod3|lpm_divide_vpl:auto_generated|sign_div_unsign_5kh:divider|alt_u_div_hke:divider|add_sub_q9c:add_sub_5|add_sub_cella[2]~11 ; dataout          ;
; |Pill_Bottling_System|Display_Module:display_module|lpm_divide:Mod3|lpm_divide_vpl:auto_generated|sign_div_unsign_5kh:divider|alt_u_div_hke:divider|add_sub_q9c:add_sub_5|add_sub_cella[4]~20 ; |Pill_Bottling_System|Display_Module:display_module|lpm_divide:Mod3|lpm_divide_vpl:auto_generated|sign_div_unsign_5kh:divider|alt_u_div_hke:divider|add_sub_q9c:add_sub_5|add_sub_cella[4]~20 ; dataout          ;
; |Pill_Bottling_System|Display_Module:display_module|lpm_divide:Mod3|lpm_divide_vpl:auto_generated|sign_div_unsign_5kh:divider|alt_u_div_hke:divider|StageOut[21]~1                            ; |Pill_Bottling_System|Display_Module:display_module|lpm_divide:Mod3|lpm_divide_vpl:auto_generated|sign_div_unsign_5kh:divider|alt_u_div_hke:divider|StageOut[21]~1                            ; dataout          ;
; |Pill_Bottling_System|Display_Module:display_module|Mux12~10                                                                                                                                  ; |Pill_Bottling_System|Display_Module:display_module|Mux12~10                                                                                                                                  ; dataout          ;
; |Pill_Bottling_System|current_state[1]                                                                                                                                                        ; |Pill_Bottling_System|current_state[1]                                                                                                                                                        ; dataout          ;
; |Pill_Bottling_System|current_state[0]                                                                                                                                                        ; |Pill_Bottling_System|current_state[0]                                                                                                                                                        ; dataout          ;
; |Pill_Bottling_System|Counter_Module:counter_module|Equal1~11                                                                                                                                 ; |Pill_Bottling_System|Counter_Module:counter_module|Equal1~11                                                                                                                                 ; dataout          ;
; |Pill_Bottling_System|Counter_Module:counter_module|Equal1~17                                                                                                                                 ; |Pill_Bottling_System|Counter_Module:counter_module|Equal1~17                                                                                                                                 ; dataout          ;
; |Pill_Bottling_System|Counter_Module:counter_module|Equal1~18                                                                                                                                 ; |Pill_Bottling_System|Counter_Module:counter_module|Equal1~18                                                                                                                                 ; dataout          ;
; |Pill_Bottling_System|Counter_Module:counter_module|Equal1~19                                                                                                                                 ; |Pill_Bottling_System|Counter_Module:counter_module|Equal1~19                                                                                                                                 ; dataout          ;
; |Pill_Bottling_System|Counter_Module:counter_module|out_finish                                                                                                                                ; |Pill_Bottling_System|Counter_Module:counter_module|out_finish                                                                                                                                ; dataout          ;
; |Pill_Bottling_System|warning_countdown[1]~14                                                                                                                                                 ; |Pill_Bottling_System|warning_countdown[1]~14                                                                                                                                                 ; dataout          ;
; |Pill_Bottling_System|Modify_Setting_Module:modify_setting_module|lpm_counter:out_target_bottle_num_rtl_0|dffs[5]                                                                             ; |Pill_Bottling_System|Modify_Setting_Module:modify_setting_module|lpm_counter:out_target_bottle_num_rtl_0|dffs[5]                                                                             ; dataout          ;
; |Pill_Bottling_System|Modify_Setting_Module:modify_setting_module|lpm_counter:out_target_bottle_num_rtl_0|dffs[4]                                                                             ; |Pill_Bottling_System|Modify_Setting_Module:modify_setting_module|lpm_counter:out_target_bottle_num_rtl_0|dffs[4]                                                                             ; dataout          ;
; |Pill_Bottling_System|Modify_Setting_Module:modify_setting_module|lpm_counter:out_target_bottle_num_rtl_0|dffs[3]                                                                             ; |Pill_Bottling_System|Modify_Setting_Module:modify_setting_module|lpm_counter:out_target_bottle_num_rtl_0|dffs[3]                                                                             ; dataout          ;
; |Pill_Bottling_System|Modify_Setting_Module:modify_setting_module|lpm_counter:out_target_bottle_num_rtl_0|dffs[2]                                                                             ; |Pill_Bottling_System|Modify_Setting_Module:modify_setting_module|lpm_counter:out_target_bottle_num_rtl_0|dffs[2]                                                                             ; dataout          ;
; |Pill_Bottling_System|Modify_Setting_Module:modify_setting_module|lpm_counter:out_target_bottle_num_rtl_0|dffs[1]                                                                             ; |Pill_Bottling_System|Modify_Setting_Module:modify_setting_module|lpm_counter:out_target_bottle_num_rtl_0|dffs[1]                                                                             ; dataout          ;
; |Pill_Bottling_System|Counter_Module:counter_module|out_bottle_num[5]                                                                                                                         ; |Pill_Bottling_System|Counter_Module:counter_module|out_bottle_num[5]                                                                                                                         ; dataout          ;
; |Pill_Bottling_System|Counter_Module:counter_module|out_bottle_num[3]                                                                                                                         ; |Pill_Bottling_System|Counter_Module:counter_module|out_bottle_num[3]                                                                                                                         ; dataout          ;
; |Pill_Bottling_System|Counter_Module:counter_module|out_bottle_num[4]                                                                                                                         ; |Pill_Bottling_System|Counter_Module:counter_module|out_bottle_num[4]                                                                                                                         ; dataout          ;
; |Pill_Bottling_System|Counter_Module:counter_module|out_bottle_num[2]                                                                                                                         ; |Pill_Bottling_System|Counter_Module:counter_module|out_bottle_num[2]                                                                                                                         ; dataout          ;
; |Pill_Bottling_System|Counter_Module:counter_module|out_bottle_num[1]                                                                                                                         ; |Pill_Bottling_System|Counter_Module:counter_module|out_bottle_num[1]                                                                                                                         ; dataout          ;
; |Pill_Bottling_System|Modify_Setting_Module:modify_setting_module|lpm_counter:out_target_pill_num_rtl_1|dffs[5]                                                                               ; |Pill_Bottling_System|Modify_Setting_Module:modify_setting_module|lpm_counter:out_target_pill_num_rtl_1|dffs[5]                                                                               ; dataout          ;
; |Pill_Bottling_System|Modify_Setting_Module:modify_setting_module|lpm_counter:out_target_pill_num_rtl_1|dffs[4]                                                                               ; |Pill_Bottling_System|Modify_Setting_Module:modify_setting_module|lpm_counter:out_target_pill_num_rtl_1|dffs[4]                                                                               ; dataout          ;
; |Pill_Bottling_System|Modify_Setting_Module:modify_setting_module|lpm_counter:out_target_pill_num_rtl_1|dffs[3]                                                                               ; |Pill_Bottling_System|Modify_Setting_Module:modify_setting_module|lpm_counter:out_target_pill_num_rtl_1|dffs[3]                                                                               ; dataout          ;
; |Pill_Bottling_System|Modify_Setting_Module:modify_setting_module|lpm_counter:out_target_pill_num_rtl_1|dffs[2]                                                                               ; |Pill_Bottling_System|Modify_Setting_Module:modify_setting_module|lpm_counter:out_target_pill_num_rtl_1|dffs[2]                                                                               ; dataout          ;
; |Pill_Bottling_System|Modify_Setting_Module:modify_setting_module|lpm_counter:out_target_pill_num_rtl_1|dffs[1]                                                                               ; |Pill_Bottling_System|Modify_Setting_Module:modify_setting_module|lpm_counter:out_target_pill_num_rtl_1|dffs[1]                                                                               ; dataout          ;
; |Pill_Bottling_System|Counter_Module:counter_module|Selector6~5                                                                                                                               ; |Pill_Bottling_System|Counter_Module:counter_module|Selector6~5                                                                                                                               ; dataout          ;
; |Pill_Bottling_System|Counter_Module:counter_module|out_pill_num[5]                                                                                                                           ; |Pill_Bottling_System|Counter_Module:counter_module|out_pill_num[5]                                                                                                                           ; dataout          ;
; |Pill_Bottling_System|Counter_Module:counter_module|Selector8~4                                                                                                                               ; |Pill_Bottling_System|Counter_Module:counter_module|Selector8~4                                                                                                                               ; dataout          ;
; |Pill_Bottling_System|Counter_Module:counter_module|out_pill_num[3]                                                                                                                           ; |Pill_Bottling_System|Counter_Module:counter_module|out_pill_num[3]                                                                                                                           ; dataout          ;
; |Pill_Bottling_System|Counter_Module:counter_module|Selector7~6                                                                                                                               ; |Pill_Bottling_System|Counter_Module:counter_module|Selector7~6                                                                                                                               ; dataout          ;
; |Pill_Bottling_System|Counter_Module:counter_module|out_pill_num[4]                                                                                                                           ; |Pill_Bottling_System|Counter_Module:counter_module|out_pill_num[4]                                                                                                                           ; dataout          ;
; |Pill_Bottling_System|Counter_Module:counter_module|out_pill_num[2]                                                                                                                           ; |Pill_Bottling_System|Counter_Module:counter_module|out_pill_num[2]                                                                                                                           ; dataout          ;
; |Pill_Bottling_System|Display_Module:display_module|Mux6~13                                                                                                                                   ; |Pill_Bottling_System|Display_Module:display_module|Mux6~13                                                                                                                                   ; pexpout          ;
; |Pill_Bottling_System|Counter_Module:counter_module|Equal0~17                                                                                                                                 ; |Pill_Bottling_System|Counter_Module:counter_module|Equal0~17                                                                                                                                 ; pexpout          ;
; |Pill_Bottling_System|Counter_Module:counter_module|Equal1~26                                                                                                                                 ; |Pill_Bottling_System|Counter_Module:counter_module|Equal1~26                                                                                                                                 ; pexpout          ;
; |Pill_Bottling_System|~VCC~0                                                                                                                                                                  ; |Pill_Bottling_System|~VCC~0                                                                                                                                                                  ; dataout          ;
; |Pill_Bottling_System|State_Display_Module:state_display_module|Equal2~1sexpand1                                                                                                              ; |Pill_Bottling_System|State_Display_Module:state_display_module|Equal2~1sexpand1                                                                                                              ; dataout          ;
; |Pill_Bottling_System|error_display[0]                                                                                                                                                        ; |Pill_Bottling_System|error_display[0]                                                                                                                                                        ; padio            ;
; |Pill_Bottling_System|Counter_Module:counter_module|Equal1~41                                                                                                                                 ; |Pill_Bottling_System|Counter_Module:counter_module|Equal1~41                                                                                                                                 ; dataout          ;
; |Pill_Bottling_System|State_Display_Module:state_display_module|Equal2~4                                                                                                                      ; |Pill_Bottling_System|State_Display_Module:state_display_module|Equal2~4                                                                                                                      ; dataout          ;
+-----------------------------------------------------------------------------------------------------------------------------------------------------------------------------------------------+-----------------------------------------------------------------------------------------------------------------------------------------------------------------------------------------------+------------------+


+---------------------+
; Simulator INI Usage ;
+--------+------------+
; Option ; Usage      ;
+--------+------------+


+--------------------+
; Simulator Messages ;
+--------------------+
Info: *******************************************************************
Info: Running Quartus II Simulator
    Info: Version 9.1 Build 222 10/21/2009 SJ Full Version
    Info: Processing started: Mon Apr 28 10:02:02 2025
Info: Command: quartus_sim --read_settings_files=on --write_settings_files=off Pill_Bottling_System -c Pill_Bottling_System
Info: Using vector source file "C:/Users/Administrator/Desktop/[new things/Pill_Bottling_System5/Pill_Bottling_System.vwf"
Info: Option to preserve fewer signal transitions to reduce memory requirements is enabled
    Info: Simulation has been partitioned into sub-simulations according to the maximum transition count determined by the engine. Transitions from memory will be flushed out to disk at the end of each sub-simulation to reduce memory requirements.
Info: Simulation partitioned into 1 sub-simulations
Info: Simulation coverage is      55.56 %
Info: Number of transitions in simulation is 2220
Info: Quartus II Simulator was successful. 0 errors, 0 warnings
    Info: Peak virtual memory: 153 megabytes
    Info: Processing ended: Mon Apr 28 10:02:02 2025
    Info: Elapsed time: 00:00:00
    Info: Total CPU time (on all processors): 00:00:00


